PS C:\Users\USER\Desktop\git_k\git_challenge> git add hello_world.txt
[main (root-commit) 11d86c8] hello_world.txtを追加
 1 file changed, 1 insertion(+)
 create mode 100644 hello_world.txt
PS C:\Users\USER\Desktop\git_k\git_challenge> git commit -m "日本語訳を追記"
[main ef47d57] 日本語訳を追記
 1 file changed, 1 insertion(+)
PS C:\Users\USER\Desktop\git_k\git_challenge> git log --oneline
ef47d57 (HEAD -> main) 日本語訳を追記
11d86c8 hello_world.txtを追加
